// Jest Snapshot v1, https://goo.gl/fbAQLP

exports[`should render an expenselist Item with values 1`] = `
<div>
  <Link
    replace={false}
    to="/edit/1"
  >
    <h3>
      Gum
    </h3>
  </Link>
  <p>
    € 1.23
    -
    01.01.1970
    -
    48 years ago
  </p>
</div>
`;
