// Jest Snapshot v1, https://goo.gl/fbAQLP

exports[`should render an empty list 1`] = `
<div>
  <p>
     No expenses yet.
  </p>
</div>
`;

exports[`should render expense list with expenses 1`] = `
<div>
  <ExpenseListItem
    amount={123}
    createdAt={0}
    description="Gum"
    id="1"
    key="1"
    note=""
  />
  <ExpenseListItem
    amount={234}
    createdAt={-345600000}
    description="Rent"
    id="2"
    key="2"
    note=""
  />
  <ExpenseListItem
    amount={45}
    createdAt={345600000}
    description="Meat"
    id="3"
    key="3"
    note=""
  />
</div>
`;
